[nabor19v1.prodazh.site/index.html]
[backblue.gif]
[fade.gif]
[index.html]
[nabor19v1.prodazh.site/images/nabor_kuhonnyh_prinadlezhnostey_na_podstavke_19_shtuk_kuhonnye_aksessuary.jpg]
[nabor19v1.prodazh.site/images/favicon.png]
[nabor19v1.prodazh.site/css/nastyle.css]
[nabor19v1.prodazh.site/css/swiper-bundle.min.css]
[nabor19v1.prodazh.site/js/swiper-bundle.min.js]
[nabor19v1.prodazh.site/css/all.min.css]
[nabor19v1.prodazh.site/images/IMG_9445.WEBP]
[nabor19v1.prodazh.site/js/jquery.min.js]
[nabor19v1.prodazh.site/images/2.jpg]
[nabor19v1.prodazh.site/images/3.jpg]
[nabor19v1.prodazh.site/images/44.jpg]
[nabor19v1.prodazh.site/images/33.jpg]
[nabor19v1.prodazh.site/images/22.jpg]
[nabor19v1.prodazh.site/images/5.jpg]
[nabor19v1.prodazh.site/images/4.jpg]
[nabor19v1.prodazh.site/images/avo1.jpg]
[nabor19v1.prodazh.site/images/avo2.jpg]
[nabor19v1.prodazh.site/images/avo3.jpg]
[nabor19v1.prodazh.site/images/IMG_9446.WEBP]
[nabor19v1.prodazh.site/images/002.jpg]
[nabor19v1.prodazh.site/images/003.jpg]
[nabor19v1.prodazh.site/politics.html]
[nabor19v1.prodazh.site/js/email-decode.min.js]
[nabor19v1.prodazh.site/js/jquery.mingo.js]
[nabor19v1.prodazh.site/js/rolikisyoutube.js]
[nabor19v1.prodazh.site/js/slick.minprivet.js]
[nabor19v1.prodazh.site/js/initnotbad.js]
[nabor19v1.prodazh.site/js/jquery.maskedinput.min.js]
[nabor19v1.prodazh.site/js/sweetalert2.all.min.js]
[nabor19v1.prodazh.site/index.html]
[nabor19v1.prodazh.site/css/push.css]
[nabor19v1.prodazh.site/fonts/ProximaNova-Light.woff2]
[nabor19v1.prodazh.site/fonts/ProximaNova-Light.woff]
[nabor19v1.prodazh.site/fonts/ProximaNova-Regular.woff2]
[nabor19v1.prodazh.site/fonts/ProximaNova-Regular.woff]
[nabor19v1.prodazh.site/fonts/ProximaNova-Semibold.woff2]
[nabor19v1.prodazh.site/fonts/ProximaNova-Semibold.woff]
[nabor19v1.prodazh.site/fonts/ProximaNova-Bold.woff2]
[nabor19v1.prodazh.site/fonts/ProximaNova-Bold.woff]
[nabor19v1.prodazh.site/css/ProximaStara.css]
[nabor19v1.prodazh.site/fonts/fontello.eot]
[nabor19v1.prodazh.site/fonts/fontello.woff2]
[nabor19v1.prodazh.site/fonts/fontello.woff]
[nabor19v1.prodazh.site/css/Bratello.css]
[nabor19v1.prodazh.site/fonts/subset-Acrom-Bold.woff2]
[nabor19v1.prodazh.site/fonts/subset-Acrom-Bold.woff]
[nabor19v1.prodazh.site/fonts/subset-Acrom-ExtraBold.woff2]
[nabor19v1.prodazh.site/fonts/subset-Acrom-ExtraBold.woff]
[nabor19v1.prodazh.site/css/fontss.css]
[nabor19v1.prodazh.site/css/slicka.css]
[nabor19v1.prodazh.site/css/options.html]
[nabor19v1.prodazh.site/images/price-bg.png]
[nabor19v1.prodazh.site/images/check-icon.png]
[nabor19v1.prodazh.site/images/spec-icon.jpg]
[nabor19v1.prodazh.site/images/not-icon.png]
[nabor19v1.prodazh.site/images/kit-im.jpg]
[nabor19v1.prodazh.site/images/total-icon.png]
[nabor19v1.prodazh.site/images/qoute-icon.png]
[nabor19v1.prodazh.site/images/order-icon1.png]
[nabor19v1.prodazh.site/images/order-icon2.png]
[nabor19v1.prodazh.site/images/order-icon3.png]
[nabor19v1.prodazh.site/images/benef2_item.png]
[nabor19v1.prodazh.site/css/nastyle.css]
[nabor19v1.prodazh.site/css/swiper-bundle.min.css]
[nabor19v1.prodazh.site/fonts/fa-brands-400.eot]
[nabor19v1.prodazh.site/fonts/fa-brands-400.woff2]
[nabor19v1.prodazh.site/fonts/fa-brands-400.woff]
[nabor19v1.prodazh.site/images/fa-brands-400.svg]
[nabor19v1.prodazh.site/fonts/fa-regular-400.eot]
[nabor19v1.prodazh.site/fonts/fa-regular-400.woff2]
[nabor19v1.prodazh.site/fonts/fa-regular-400.woff]
[nabor19v1.prodazh.site/images/fa-regular-400.svg]
[nabor19v1.prodazh.site/fonts/fa-solid-900.eot]
[nabor19v1.prodazh.site/fonts/fa-solid-900.woff2]
[nabor19v1.prodazh.site/fonts/fa-solid-900.woff]
[nabor19v1.prodazh.site/css/all.min.css]
[nabor19v1.prodazh.site/politics.html]
[nabor19v1.prodazh.site/ProximaNova-Light.html]
[nabor19v1.prodazh.site/ProximaNova-Regular.html]
[nabor19v1.prodazh.site/ProximaNova-Semibold.html]
[nabor19v1.prodazh.site/ProximaNova-Bold.html]
[nabor19v1.prodazh.site/fontello.html]
[nabor19v1.prodazh.site/images/fontello.svg]
[nabor19v1.prodazh.site/subset-Acrom-Bold.html]
[nabor19v1.prodazh.site/subset-Acrom-ExtraBold.html]
[nabor19v1.prodazh.site/images/offer.html]
[nabor19v1.prodazh.site/images/sale-bg.html]
[nabor19v1.prodazh.site/images/alert-icon2.html]
[nabor19v1.prodazh.site/fa-brands-400.html]
[nabor19v1.prodazh.site/images/fa-brands-400.svg]
[nabor19v1.prodazh.site/fa-regular-400.html]
[nabor19v1.prodazh.site/images/fa-regular-400.svg]
[nabor19v1.prodazh.site/fa-solid-900.html]
[nabor19v1.prodazh.site/images/fa-solid-900.svg]
[nabor19v1.prodazh.site/images/fa-solid-900.svg]
